// Jest Snapshot v1, https://goo.gl/fbAQLP

exports[`Events renders 1`] = `
<div
  className="events"
  id="events"
>
  <h3>
    Upcoming Events
  </h3>
  <div
    id="events-placeholder-text"
  >
    The "Events" section is under development.
    <br />
    <br />
    In the meantime, please visit
    <br />
    <a
      href="https://www.meetup.com/techlifecolumbus/events/"
    >
      https://www.meetup.com/techlifecolumbus/events/
    </a>
    <br />
    and look for FreeCodeCamp Columbus events there!
  </div>
  <div
    className="calendar-events-container"
  >
    <div
      className="react-calendar calendar"
    >
      <div
        className="react-calendar__navigation"
      >
        <button
          aria-label="Jump backwards"
          className="react-calendar__navigation__arrow react-calendar__navigation__prev2-button"
          disabled={false}
          onClick={[Function]}
          type="button"
        >
          «
        </button>
        <button
          aria-label="Previous"
          className="react-calendar__navigation__arrow react-calendar__navigation__prev-button"
          disabled={false}
          onClick={[Function]}
          type="button"
        >
          ‹
        </button>
        <button
          aria-label=""
          className="react-calendar__navigation__label"
          disabled={false}
          onClick={[Function]}
          style={
            Object {
              "flexGrow": 1,
            }
          }
          type="button"
        >
          <span
            className="react-calendar__navigation__label__labelText react-calendar__navigation__label__labelText--from"
          >
            March 2024
          </span>
        </button>
        <button
          aria-label="Next"
          className="react-calendar__navigation__arrow react-calendar__navigation__next-button"
          disabled={false}
          onClick={[Function]}
          type="button"
        >
          ›
        </button>
        <button
          aria-label="Jump forwards"
          className="react-calendar__navigation__arrow react-calendar__navigation__next2-button"
          disabled={false}
          onClick={[Function]}
          type="button"
        >
          »
        </button>
      </div>
      <div
        className="react-calendar__viewContainer"
      >
        <div
          className="react-calendar__month-view"
        >
          <div
            style={
              Object {
                "alignItems": "flex-end",
                "display": "flex",
              }
            }
          >
            <div
              style={
                Object {
                  "flexGrow": 1,
                  "width": "100%",
                }
              }
            >
              <div
                className="react-calendar__month-view__weekdays"
                style={
                  Object {
                    "display": "flex",
                    "flexDirection": undefined,
                    "flexWrap": "nowrap",
                  }
                }
              >
                <div
                  className="react-calendar__month-view__weekdays__weekday"
                  style={
                    Object {
                      "flexBasis": "14.285714285714286%",
                      "flexGrow": 0,
                      "flexShrink": 0,
                      "marginInlineEnd": 0,
                      "marginInlineStart": null,
                      "marginLeft": null,
                      "overflow": "hidden",
                    }
                  }
                >
                  <abbr
                    aria-label="Monday"
                    title="Monday"
                  >
                    Mon
                  </abbr>
                </div>
                <div
                  className="react-calendar__month-view__weekdays__weekday"
                  style={
                    Object {
                      "flexBasis": "14.285714285714286%",
                      "flexGrow": 0,
                      "flexShrink": 0,
                      "marginInlineEnd": 0,
                      "marginInlineStart": null,
                      "marginLeft": null,
                      "overflow": "hidden",
                    }
                  }
                >
                  <abbr
                    aria-label="Tuesday"
                    title="Tuesday"
                  >
                    Tue
                  </abbr>
                </div>
                <div
                  className="react-calendar__month-view__weekdays__weekday react-calendar__month-view__weekdays__weekday--current"
                  style={
                    Object {
                      "flexBasis": "14.285714285714286%",
                      "flexGrow": 0,
                      "flexShrink": 0,
                      "marginInlineEnd": 0,
                      "marginInlineStart": null,
                      "marginLeft": null,
                      "overflow": "hidden",
                    }
                  }
                >
                  <abbr
                    aria-label="Wednesday"
                    title="Wednesday"
                  >
                    Wed
                  </abbr>
                </div>
                <div
                  className="react-calendar__month-view__weekdays__weekday"
                  style={
                    Object {
                      "flexBasis": "14.285714285714286%",
                      "flexGrow": 0,
                      "flexShrink": 0,
                      "marginInlineEnd": 0,
                      "marginInlineStart": null,
                      "marginLeft": null,
                      "overflow": "hidden",
                    }
                  }
                >
                  <abbr
                    aria-label="Thursday"
                    title="Thursday"
                  >
                    Thu
                  </abbr>
                </div>
                <div
                  className="react-calendar__month-view__weekdays__weekday"
                  style={
                    Object {
                      "flexBasis": "14.285714285714286%",
                      "flexGrow": 0,
                      "flexShrink": 0,
                      "marginInlineEnd": 0,
                      "marginInlineStart": null,
                      "marginLeft": null,
                      "overflow": "hidden",
                    }
                  }
                >
                  <abbr
                    aria-label="Friday"
                    title="Friday"
                  >
                    Fri
                  </abbr>
                </div>
                <div
                  className="react-calendar__month-view__weekdays__weekday react-calendar__month-view__weekdays__weekday--weekend"
                  style={
                    Object {
                      "flexBasis": "14.285714285714286%",
                      "flexGrow": 0,
                      "flexShrink": 0,
                      "marginInlineEnd": 0,
                      "marginInlineStart": null,
                      "marginLeft": null,
                      "overflow": "hidden",
                    }
                  }
                >
                  <abbr
                    aria-label="Saturday"
                    title="Saturday"
                  >
                    Sat
                  </abbr>
                </div>
                <div
                  className="react-calendar__month-view__weekdays__weekday react-calendar__month-view__weekdays__weekday--weekend"
                  style={
                    Object {
                      "flexBasis": "14.285714285714286%",
                      "flexGrow": 0,
                      "flexShrink": 0,
                      "marginInlineEnd": 0,
                      "marginInlineStart": null,
                      "marginLeft": null,
                      "overflow": "hidden",
                    }
                  }
                >
                  <abbr
                    aria-label="Sunday"
                    title="Sunday"
                  >
                    Sun
                  </abbr>
                </div>
              </div>
              <div
                className="react-calendar__month-view__days"
                style={
                  Object {
                    "display": "flex",
                    "flexDirection": undefined,
                    "flexWrap": "wrap",
                  }
                }
              >
                <button
                  className="react-calendar__tile react-calendar__month-view__days__day react-calendar__month-view__days__day--neighboringMonth"
                  onClick={[Function]}
                  style={
                    Object {
                      "flexBasis": "14.285714285714286%",
                      "flexGrow": 0,
                      "flexShrink": 0,
                      "marginInlineEnd": 0,
                      "marginInlineStart": null,
                      "marginLeft": null,
                      "overflow": "hidden",
                    }
                  }
                  type="button"
                >
                  <abbr
                    aria-label="February 26, 2024"
                  >
                    26
                  </abbr>
                </button>
                <button
                  className="react-calendar__tile react-calendar__month-view__days__day react-calendar__month-view__days__day--neighboringMonth"
                  onClick={[Function]}
                  style={
                    Object {
                      "flexBasis": "14.285714285714286%",
                      "flexGrow": 0,
                      "flexShrink": 0,
                      "marginInlineEnd": 0,
                      "marginInlineStart": null,
                      "marginLeft": null,
                      "overflow": "hidden",
                    }
                  }
                  type="button"
                >
                  <abbr
                    aria-label="February 27, 2024"
                  >
                    27
                  </abbr>
                </button>
                <button
                  className="react-calendar__tile react-calendar__month-view__days__day react-calendar__month-view__days__day--neighboringMonth"
                  onClick={[Function]}
                  style={
                    Object {
                      "flexBasis": "14.285714285714286%",
                      "flexGrow": 0,
                      "flexShrink": 0,
                      "marginInlineEnd": 0,
                      "marginInlineStart": null,
                      "marginLeft": null,
                      "overflow": "hidden",
                    }
                  }
                  type="button"
                >
                  <abbr
                    aria-label="February 28, 2024"
                  >
                    28
                  </abbr>
                </button>
                <button
                  className="react-calendar__tile react-calendar__month-view__days__day react-calendar__month-view__days__day--neighboringMonth"
                  onClick={[Function]}
                  style={
                    Object {
                      "flexBasis": "14.285714285714286%",
                      "flexGrow": 0,
                      "flexShrink": 0,
                      "marginInlineEnd": 0,
                      "marginInlineStart": null,
                      "marginLeft": null,
                      "overflow": "hidden",
                    }
                  }
                  type="button"
                >
                  <abbr
                    aria-label="February 29, 2024"
                  >
                    29
                  </abbr>
                </button>
                <button
                  className="react-calendar__tile react-calendar__month-view__days__day"
                  onClick={[Function]}
                  style={
                    Object {
                      "flexBasis": "14.285714285714286%",
                      "flexGrow": 0,
                      "flexShrink": 0,
                      "marginInlineEnd": 0,
                      "marginInlineStart": null,
                      "marginLeft": null,
                      "overflow": "hidden",
                    }
                  }
                  type="button"
                >
                  <abbr
                    aria-label="March 1, 2024"
                  >
                    1
                  </abbr>
                </button>
                <button
                  className="react-calendar__tile react-calendar__month-view__days__day react-calendar__month-view__days__day--weekend"
                  onClick={[Function]}
                  style={
                    Object {
                      "flexBasis": "14.285714285714286%",
                      "flexGrow": 0,
                      "flexShrink": 0,
                      "marginInlineEnd": 0,
                      "marginInlineStart": null,
                      "marginLeft": null,
                      "overflow": "hidden",
                    }
                  }
                  type="button"
                >
                  <abbr
                    aria-label="March 2, 2024"
                  >
                    2
                  </abbr>
                </button>
                <button
                  className="react-calendar__tile react-calendar__month-view__days__day react-calendar__month-view__days__day--weekend"
                  onClick={[Function]}
                  style={
                    Object {
                      "flexBasis": "14.285714285714286%",
                      "flexGrow": 0,
                      "flexShrink": 0,
                      "marginInlineEnd": 0,
                      "marginInlineStart": null,
                      "marginLeft": null,
                      "overflow": "hidden",
                    }
                  }
                  type="button"
                >
                  <abbr
                    aria-label="March 3, 2024"
                  >
                    3
                  </abbr>
                </button>
                <button
                  className="react-calendar__tile react-calendar__month-view__days__day"
                  onClick={[Function]}
                  style={
                    Object {
                      "flexBasis": "14.285714285714286%",
                      "flexGrow": 0,
                      "flexShrink": 0,
                      "marginInlineEnd": 0,
                      "marginInlineStart": null,
                      "marginLeft": null,
                      "overflow": "hidden",
                    }
                  }
                  type="button"
                >
                  <abbr
                    aria-label="March 4, 2024"
                  >
                    4
                  </abbr>
                </button>
                <button
                  className="react-calendar__tile react-calendar__month-view__days__day"
                  onClick={[Function]}
                  style={
                    Object {
                      "flexBasis": "14.285714285714286%",
                      "flexGrow": 0,
                      "flexShrink": 0,
                      "marginInlineEnd": 0,
                      "marginInlineStart": null,
                      "marginLeft": null,
                      "overflow": "hidden",
                    }
                  }
                  type="button"
                >
                  <abbr
                    aria-label="March 5, 2024"
                  >
                    5
                  </abbr>
                </button>
                <button
                  className="react-calendar__tile react-calendar__month-view__days__day"
                  onClick={[Function]}
                  style={
                    Object {
                      "flexBasis": "14.285714285714286%",
                      "flexGrow": 0,
                      "flexShrink": 0,
                      "marginInlineEnd": 0,
                      "marginInlineStart": null,
                      "marginLeft": null,
                      "overflow": "hidden",
                    }
                  }
                  type="button"
                >
                  <abbr
                    aria-label="March 6, 2024"
                  >
                    6
                  </abbr>
                </button>
                <button
                  className="react-calendar__tile react-calendar__month-view__days__day"
                  onClick={[Function]}
                  style={
                    Object {
                      "flexBasis": "14.285714285714286%",
                      "flexGrow": 0,
                      "flexShrink": 0,
                      "marginInlineEnd": 0,
                      "marginInlineStart": null,
                      "marginLeft": null,
                      "overflow": "hidden",
                    }
                  }
                  type="button"
                >
                  <abbr
                    aria-label="March 7, 2024"
                  >
                    7
                  </abbr>
                </button>
                <button
                  className="react-calendar__tile react-calendar__month-view__days__day"
                  onClick={[Function]}
                  style={
                    Object {
                      "flexBasis": "14.285714285714286%",
                      "flexGrow": 0,
                      "flexShrink": 0,
                      "marginInlineEnd": 0,
                      "marginInlineStart": null,
                      "marginLeft": null,
                      "overflow": "hidden",
                    }
                  }
                  type="button"
                >
                  <abbr
                    aria-label="March 8, 2024"
                  >
                    8
                  </abbr>
                </button>
                <button
                  className="react-calendar__tile react-calendar__month-view__days__day react-calendar__month-view__days__day--weekend"
                  onClick={[Function]}
                  style={
                    Object {
                      "flexBasis": "14.285714285714286%",
                      "flexGrow": 0,
                      "flexShrink": 0,
                      "marginInlineEnd": 0,
                      "marginInlineStart": null,
                      "marginLeft": null,
                      "overflow": "hidden",
                    }
                  }
                  type="button"
                >
                  <abbr
                    aria-label="March 9, 2024"
                  >
                    9
                  </abbr>
                </button>
                <button
                  className="react-calendar__tile react-calendar__month-view__days__day react-calendar__month-view__days__day--weekend"
                  onClick={[Function]}
                  style={
                    Object {
                      "flexBasis": "14.285714285714286%",
                      "flexGrow": 0,
                      "flexShrink": 0,
                      "marginInlineEnd": 0,
                      "marginInlineStart": null,
                      "marginLeft": null,
                      "overflow": "hidden",
                    }
                  }
                  type="button"
                >
                  <abbr
                    aria-label="March 10, 2024"
                  >
                    10
                  </abbr>
                </button>
                <button
                  className="react-calendar__tile react-calendar__month-view__days__day"
                  onClick={[Function]}
                  style={
                    Object {
                      "flexBasis": "14.285714285714286%",
                      "flexGrow": 0,
                      "flexShrink": 0,
                      "marginInlineEnd": 0,
                      "marginInlineStart": null,
                      "marginLeft": null,
                      "overflow": "hidden",
                    }
                  }
                  type="button"
                >
                  <abbr
                    aria-label="March 11, 2024"
                  >
                    11
                  </abbr>
                </button>
                <button
                  className="react-calendar__tile react-calendar__month-view__days__day"
                  onClick={[Function]}
                  style={
                    Object {
                      "flexBasis": "14.285714285714286%",
                      "flexGrow": 0,
                      "flexShrink": 0,
                      "marginInlineEnd": 0,
                      "marginInlineStart": null,
                      "marginLeft": null,
                      "overflow": "hidden",
                    }
                  }
                  type="button"
                >
                  <abbr
                    aria-label="March 12, 2024"
                  >
                    12
                  </abbr>
                </button>
                <button
                  className="react-calendar__tile react-calendar__month-view__days__day"
                  onClick={[Function]}
                  style={
                    Object {
                      "flexBasis": "14.285714285714286%",
                      "flexGrow": 0,
                      "flexShrink": 0,
                      "marginInlineEnd": 0,
                      "marginInlineStart": null,
                      "marginLeft": null,
                      "overflow": "hidden",
                    }
                  }
                  type="button"
                >
                  <abbr
                    aria-label="March 13, 2024"
                  >
                    13
                  </abbr>
                </button>
                <button
                  className="react-calendar__tile react-calendar__month-view__days__day"
                  onClick={[Function]}
                  style={
                    Object {
                      "flexBasis": "14.285714285714286%",
                      "flexGrow": 0,
                      "flexShrink": 0,
                      "marginInlineEnd": 0,
                      "marginInlineStart": null,
                      "marginLeft": null,
                      "overflow": "hidden",
                    }
                  }
                  type="button"
                >
                  <abbr
                    aria-label="March 14, 2024"
                  >
                    14
                  </abbr>
                </button>
                <button
                  className="react-calendar__tile react-calendar__month-view__days__day"
                  onClick={[Function]}
                  style={
                    Object {
                      "flexBasis": "14.285714285714286%",
                      "flexGrow": 0,
                      "flexShrink": 0,
                      "marginInlineEnd": 0,
                      "marginInlineStart": null,
                      "marginLeft": null,
                      "overflow": "hidden",
                    }
                  }
                  type="button"
                >
                  <abbr
                    aria-label="March 15, 2024"
                  >
                    15
                  </abbr>
                </button>
                <button
                  className="react-calendar__tile react-calendar__month-view__days__day react-calendar__month-view__days__day--weekend"
                  onClick={[Function]}
                  style={
                    Object {
                      "flexBasis": "14.285714285714286%",
                      "flexGrow": 0,
                      "flexShrink": 0,
                      "marginInlineEnd": 0,
                      "marginInlineStart": null,
                      "marginLeft": null,
                      "overflow": "hidden",
                    }
                  }
                  type="button"
                >
                  <abbr
                    aria-label="March 16, 2024"
                  >
                    16
                  </abbr>
                </button>
                <button
                  className="react-calendar__tile react-calendar__month-view__days__day react-calendar__month-view__days__day--weekend"
                  onClick={[Function]}
                  style={
                    Object {
                      "flexBasis": "14.285714285714286%",
                      "flexGrow": 0,
                      "flexShrink": 0,
                      "marginInlineEnd": 0,
                      "marginInlineStart": null,
                      "marginLeft": null,
                      "overflow": "hidden",
                    }
                  }
                  type="button"
                >
                  <abbr
                    aria-label="March 17, 2024"
                  >
                    17
                  </abbr>
                </button>
                <button
                  className="react-calendar__tile react-calendar__month-view__days__day"
                  onClick={[Function]}
                  style={
                    Object {
                      "flexBasis": "14.285714285714286%",
                      "flexGrow": 0,
                      "flexShrink": 0,
                      "marginInlineEnd": 0,
                      "marginInlineStart": null,
                      "marginLeft": null,
                      "overflow": "hidden",
                    }
                  }
                  type="button"
                >
                  <abbr
                    aria-label="March 18, 2024"
                  >
                    18
                  </abbr>
                </button>
                <button
                  className="react-calendar__tile react-calendar__month-view__days__day"
                  onClick={[Function]}
                  style={
                    Object {
                      "flexBasis": "14.285714285714286%",
                      "flexGrow": 0,
                      "flexShrink": 0,
                      "marginInlineEnd": 0,
                      "marginInlineStart": null,
                      "marginLeft": null,
                      "overflow": "hidden",
                    }
                  }
                  type="button"
                >
                  <abbr
                    aria-label="March 19, 2024"
                  >
                    19
                  </abbr>
                </button>
                <button
                  className="react-calendar__tile react-calendar__tile--now react-calendar__tile--active react-calendar__tile--range react-calendar__tile--rangeStart react-calendar__tile--rangeEnd react-calendar__tile--rangeBothEnds react-calendar__month-view__days__day"
                  onClick={[Function]}
                  style={
                    Object {
                      "flexBasis": "14.285714285714286%",
                      "flexGrow": 0,
                      "flexShrink": 0,
                      "marginInlineEnd": 0,
                      "marginInlineStart": null,
                      "marginLeft": null,
                      "overflow": "hidden",
                    }
                  }
                  type="button"
                >
                  <abbr
                    aria-label="March 20, 2024"
                  >
                    20
                  </abbr>
                </button>
                <button
                  className="react-calendar__tile react-calendar__month-view__days__day"
                  onClick={[Function]}
                  style={
                    Object {
                      "flexBasis": "14.285714285714286%",
                      "flexGrow": 0,
                      "flexShrink": 0,
                      "marginInlineEnd": 0,
                      "marginInlineStart": null,
                      "marginLeft": null,
                      "overflow": "hidden",
                    }
                  }
                  type="button"
                >
                  <abbr
                    aria-label="March 21, 2024"
                  >
                    21
                  </abbr>
                </button>
                <button
                  className="react-calendar__tile react-calendar__month-view__days__day"
                  onClick={[Function]}
                  style={
                    Object {
                      "flexBasis": "14.285714285714286%",
                      "flexGrow": 0,
                      "flexShrink": 0,
                      "marginInlineEnd": 0,
                      "marginInlineStart": null,
                      "marginLeft": null,
                      "overflow": "hidden",
                    }
                  }
                  type="button"
                >
                  <abbr
                    aria-label="March 22, 2024"
                  >
                    22
                  </abbr>
                </button>
                <button
                  className="react-calendar__tile react-calendar__month-view__days__day react-calendar__month-view__days__day--weekend"
                  onClick={[Function]}
                  style={
                    Object {
                      "flexBasis": "14.285714285714286%",
                      "flexGrow": 0,
                      "flexShrink": 0,
                      "marginInlineEnd": 0,
                      "marginInlineStart": null,
                      "marginLeft": null,
                      "overflow": "hidden",
                    }
                  }
                  type="button"
                >
                  <abbr
                    aria-label="March 23, 2024"
                  >
                    23
                  </abbr>
                </button>
                <button
                  className="react-calendar__tile react-calendar__month-view__days__day react-calendar__month-view__days__day--weekend"
                  onClick={[Function]}
                  style={
                    Object {
                      "flexBasis": "14.285714285714286%",
                      "flexGrow": 0,
                      "flexShrink": 0,
                      "marginInlineEnd": 0,
                      "marginInlineStart": null,
                      "marginLeft": null,
                      "overflow": "hidden",
                    }
                  }
                  type="button"
                >
                  <abbr
                    aria-label="March 24, 2024"
                  >
                    24
                  </abbr>
                </button>
                <button
                  className="react-calendar__tile react-calendar__month-view__days__day"
                  onClick={[Function]}
                  style={
                    Object {
                      "flexBasis": "14.285714285714286%",
                      "flexGrow": 0,
                      "flexShrink": 0,
                      "marginInlineEnd": 0,
                      "marginInlineStart": null,
                      "marginLeft": null,
                      "overflow": "hidden",
                    }
                  }
                  type="button"
                >
                  <abbr
                    aria-label="March 25, 2024"
                  >
                    25
                  </abbr>
                </button>
                <button
                  className="react-calendar__tile react-calendar__month-view__days__day"
                  onClick={[Function]}
                  style={
                    Object {
                      "flexBasis": "14.285714285714286%",
                      "flexGrow": 0,
                      "flexShrink": 0,
                      "marginInlineEnd": 0,
                      "marginInlineStart": null,
                      "marginLeft": null,
                      "overflow": "hidden",
                    }
                  }
                  type="button"
                >
                  <abbr
                    aria-label="March 26, 2024"
                  >
                    26
                  </abbr>
                </button>
                <button
                  className="react-calendar__tile react-calendar__month-view__days__day"
                  onClick={[Function]}
                  style={
                    Object {
                      "flexBasis": "14.285714285714286%",
                      "flexGrow": 0,
                      "flexShrink": 0,
                      "marginInlineEnd": 0,
                      "marginInlineStart": null,
                      "marginLeft": null,
                      "overflow": "hidden",
                    }
                  }
                  type="button"
                >
                  <abbr
                    aria-label="March 27, 2024"
                  >
                    27
                  </abbr>
                </button>
                <button
                  className="react-calendar__tile react-calendar__month-view__days__day"
                  onClick={[Function]}
                  style={
                    Object {
                      "flexBasis": "14.285714285714286%",
                      "flexGrow": 0,
                      "flexShrink": 0,
                      "marginInlineEnd": 0,
                      "marginInlineStart": null,
                      "marginLeft": null,
                      "overflow": "hidden",
                    }
                  }
                  type="button"
                >
                  <abbr
                    aria-label="March 28, 2024"
                  >
                    28
                  </abbr>
                </button>
                <button
                  className="react-calendar__tile react-calendar__month-view__days__day"
                  onClick={[Function]}
                  style={
                    Object {
                      "flexBasis": "14.285714285714286%",
                      "flexGrow": 0,
                      "flexShrink": 0,
                      "marginInlineEnd": 0,
                      "marginInlineStart": null,
                      "marginLeft": null,
                      "overflow": "hidden",
                    }
                  }
                  type="button"
                >
                  <abbr
                    aria-label="March 29, 2024"
                  >
                    29
                  </abbr>
                </button>
                <button
                  className="react-calendar__tile react-calendar__month-view__days__day react-calendar__month-view__days__day--weekend"
                  onClick={[Function]}
                  style={
                    Object {
                      "flexBasis": "14.285714285714286%",
                      "flexGrow": 0,
                      "flexShrink": 0,
                      "marginInlineEnd": 0,
                      "marginInlineStart": null,
                      "marginLeft": null,
                      "overflow": "hidden",
                    }
                  }
                  type="button"
                >
                  <abbr
                    aria-label="March 30, 2024"
                  >
                    30
                  </abbr>
                </button>
                <button
                  className="react-calendar__tile react-calendar__month-view__days__day react-calendar__month-view__days__day--weekend"
                  onClick={[Function]}
                  style={
                    Object {
                      "flexBasis": "14.285714285714286%",
                      "flexGrow": 0,
                      "flexShrink": 0,
                      "marginInlineEnd": 0,
                      "marginInlineStart": null,
                      "marginLeft": null,
                      "overflow": "hidden",
                    }
                  }
                  type="button"
                >
                  <abbr
                    aria-label="March 31, 2024"
                  >
                    31
                  </abbr>
                </button>
              </div>
            </div>
          </div>
        </div>
      </div>
    </div>
    <div
      className="event-container "
    />
  </div>
</div>
`;
