// Jest Snapshot v1, https://goo.gl/fbAQLP

exports[`Members renders 1`] = `
<div>
  <div
    className="members"
  >
    <h3>
      Meet the Admins
    </h3>
    <div
      className="row"
    >
      <div>
        <h4>
          John
          <br />
           
          Riley
        </h4>
        <img
          alt="beautiful headshot of John Riley."
          className="avatar admin-avatar"
          src="https://avatars.githubusercontent.com/u/41979303?v=4"
        />
        <h5>
          Admin & Coding Mentor
        </h5>
      </div>
      <div>
        <h4>
          Kent
          <br />
           
          Utterback
        </h4>
        <img
          alt="beautiful headshot of Kent Utterback."
          className="avatar admin-avatar"
          src="https://avatars.githubusercontent.com/u/17324971?v=4"
        />
        <h5>
          Admin Emeritus & Coding Mentor
        </h5>
      </div>
      <div>
        <h4>
          Amy
          <br />
           
          Bedinghaus
        </h4>
        <img
          alt="beautiful headshot of Amy Bedinghaus."
          className="avatar admin-avatar"
          src="https://avatars.githubusercontent.com/u/28076677?v=4"
        />
        <h5>
          Admin Emeritus
        </h5>
      </div>
      <div>
        <h4>
          Austin
          <br />
           
          Truss
        </h4>
        <img
          alt="beautiful headshot of Austin Truss."
          className="avatar admin-avatar"
          src="https://media.licdn.com/dms/image/C5603AQGQpynBhWiZLA/profile-displayphoto-shrink_200_200/0/1517355585710?e=1696464000&v=beta&t=DrPEzm5U1we4G7qUPoFrAA5gw_MHSN3dU8_02iWZYRA"
        />
        <h5>
          Admin Emeritus
        </h5>
      </div>
      <div>
        <h4>
          Kevin
          <br />
           
          Bruland
        </h4>
        <img
          alt="beautiful headshot of Kevin Bruland."
          className="avatar admin-avatar"
          src="https://avatars.githubusercontent.com/u/17850505?v=4"
        />
        <h5>
          Admin Emeritus
        </h5>
      </div>
      <div>
        <h4>
          Sarah
          <br />
           
          Lilly-Bruland
        </h4>
        <img
          alt="beautiful headshot of Sarah Lilly-Bruland."
          className="avatar admin-avatar"
          src="https://avatars.githubusercontent.com/u/17872422?v=4"
        />
        <h5>
          Admin Emeritus
        </h5>
      </div>
      <div>
        <h4>
          Justin
          <br />
           
          Woodward
        </h4>
        <img
          alt="beautiful headshot of Justin Woodward."
          className="avatar admin-avatar"
          src="https://avatars.githubusercontent.com/u/17994108?v=4"
        />
        <h5>
          Admin Emeritus
        </h5>
      </div>
    </div>
  </div>
  <div
    className="contributors"
  >
    <h3>
      Meet the Contributors
    </h3>
    <a
      className="contributors-link"
      href="https://github.com/FCCColumbus/cbus-web/graphs/contributors"
      rel="noreferrer"
      target="_blank"
    >
      <img
        alt="beautiful headshots of our members"
        className="members-avatar"
        src="https://contrib.rocks/image?repo=FCCColumbus/cbus-web"
      />
    </a>
    <div
      className="row contributors-name-container"
    >
      <h4>
        Jed
      </h4>
      <h4>
        John
      </h4>
      <h4>
        Amy
      </h4>
      <h4>
        Mike
      </h4>
      <h4>
        Ismael
      </h4>
      <h4>
        Nash
      </h4>
      <h4>
        Tijana
      </h4>
      <h4>
        Jennifer
      </h4>
      <h4>
        Kellan
      </h4>
      <h4>
        FCCCAdmin
      </h4>
    </div>
  </div>
</div>
`;
